// Jest Snapshot v1, https://goo.gl/fbAQLP

exports[`renders correctly 1`] = `
<View
  style={
    Object {
      "alignItems": "center",
      "backgroundColor": "#F5FCFF",
      "flex": 1,
      "justifyContent": "center",
    }
  }
>
  <Text
    accessible={true}
    allowFontScaling={true}
    ellipsizeMode="tail"
    style={
      Object {
        "fontSize": 20,
        "margin": 10,
        "textAlign": "center",
      }
    }
  >
    Welcome to React Native!
  </Text>
  <Text
    accessible={true}
    allowFontScaling={true}
    ellipsizeMode="tail"
    style={
      Object {
        "color": "#333333",
        "marginBottom": 5,
        "textAlign": "center",
      }
    }
  >
    To get started, edit App.js
  </Text>
  <Text
    accessible={true}
    allowFontScaling={true}
    ellipsizeMode="tail"
    style={
      Object {
        "color": "#333333",
        "marginBottom": 5,
        "textAlign": "center",
      }
    }
  >
    Press Cmd+R to reload,
Cmd+D or shake for dev menu
  </Text>
  <Image
    source={
      Object {
        "testUri": "../../../../../../../../Library/Caches/IntelliJIdea2017.3/wallaby/projects/c6276bcd0e7eb9ad/instrumented/image.png",
      }
    }
    style={
      Object {
        "height": 40,
        "width": 40,
      }
    }
  />
</View>
`;
